error: custom attribute panicked
 --> tests/ui/task/forbidden_pool_size_on_autostart_task.rs:5:1
  |
5 | #[ariel_os::task(autostart, pool_size = 4)]
  | ^^^^^^^^^^^^^^^^^^^^^^^^^^^^^^^^^^^^^^^^^^^
  |
  = help: message: pool size cannot be set on an `autostart` task
