error: custom attribute panicked
 --> tests/ui/task/non_async_fn.rs:5:1
  |
5 | #[ariel_os::task]
  | ^^^^^^^^^^^^^^^^^
  |
  = help: message: the function must be async
